// Jest Snapshot v1, https://goo.gl/fbAQLP

exports[`Menu component renders with default props 1`] = `
<ul
  className="root position_type_fixed"
/>
`;
