// Jest Snapshot v1, https://goo.gl/fbAQLP

exports[`App component renders with default props 1`] = `
<div
  className="root"
>
  <Menu
    activeItemId={-1}
    items={Array []}
    onClick={[Function]}
  />
</div>
`;
